11-20 18:05:16.013  2059  2366 E WindowManager:  source = Task{5fcd615 #17702 type=standard A=10654:com.termux} excludeMiuiNavBar = true excludeMiuiStatusBar = true excludeIme = false excludeNavBar = false miuiNavSurfaceControl = Surface(name=NavigationBar Container of Task = 17702#5993)/@0x2135080 miuiStatusSurfaceControl = Surface(name=StatusBar Container of Task = 17702#5994)/@0x7c076b9
11-20 18:12:43.549  2059  3556 E WindowManager:  source = Task{5fcd615 #17702 type=standard A=10654:com.termux} excludeMiuiNavBar = true excludeMiuiStatusBar = true excludeIme = false excludeNavBar = false miuiNavSurfaceControl = Surface(name=NavigationBar Container of Task = 17702#5993)/@0x2135080 miuiStatusSurfaceControl = Surface(name=StatusBar Container of Task = 17702#5994)/@0x7c076b9
11-20 18:12:43.567  2059  3556 E WindowManager:  source = Task{5fcd615 #17702 type=standard A=10654:com.termux} excludeMiuiNavBar = true excludeMiuiStatusBar = true excludeIme = false excludeNavBar = false miuiNavSurfaceControl = Surface(name=NavigationBar Container of Task = 17702#5993)/@0x2135080 miuiStatusSurfaceControl = Surface(name=StatusBar Container of Task = 17702#5994)/@0x7c076b9
11-20 18:12:44.071  2059  5385 E WindowManager:  source = Task{5fcd615 #17702 type=standard A=10654:com.termux} excludeMiuiNavBar = true excludeMiuiStatusBar = true excludeIme = false excludeNavBar = false miuiNavSurfaceControl = Surface(name=NavigationBar Container of Task = 17702#5993)/@0x2135080 miuiStatusSurfaceControl = Surface(name=StatusBar Container of Task = 17702#5994)/@0x7c076b9
11-20 18:14:35.034  2059  4124 E WindowManager:  source = Task{5fcd615 #17702 type=standard A=10654:com.termux} excludeMiuiNavBar = true excludeMiuiStatusBar = true excludeIme = false excludeNavBar = false miuiNavSurfaceControl = Surface(name=NavigationBar Container of Task = 17702#5993)/@0x2135080 miuiStatusSurfaceControl = Surface(name=StatusBar Container of Task = 17702#5994)/@0x7c076b9
11-20 18:14:35.053  2059  3472 E WindowManager:  source = Task{5fcd615 #17702 type=standard A=10654:com.termux} excludeMiuiNavBar = true excludeMiuiStatusBar = true excludeIme = false excludeNavBar = false miuiNavSurfaceControl = Surface(name=NavigationBar Container of Task = 17702#5993)/@0x2135080 miuiStatusSurfaceControl = Surface(name=StatusBar Container of Task = 17702#5994)/@0x7c076b9
11-20 18:14:36.186  2059  3570 E WindowManager:  source = Task{5fcd615 #17702 type=standard A=10654:com.termux} excludeMiuiNavBar = true excludeMiuiStatusBar = true excludeIme = false excludeNavBar = false miuiNavSurfaceControl = Surface(name=NavigationBar Container of Task = 17702#5993)/@0x2135080 miuiStatusSurfaceControl = Surface(name=StatusBar Container of Task = 17702#5994)/@0x7c076b9
11-20 18:16:57.847  2059  4147 E WindowManager:  source = Task{5fcd615 #17702 type=standard A=10654:com.termux} excludeMiuiNavBar = true excludeMiuiStatusBar = true excludeIme = false excludeNavBar = false miuiNavSurfaceControl = Surface(name=NavigationBar Container of Task = 17702#5993)/@0x2135080 miuiStatusSurfaceControl = Surface(name=StatusBar Container of Task = 17702#5994)/@0x7c076b9
11-20 18:16:57.861  2059  3470 E WindowManager:  source = Task{5fcd615 #17702 type=standard A=10654:com.termux} excludeMiuiNavBar = true excludeMiuiStatusBar = true excludeIme = false excludeNavBar = false miuiNavSurfaceControl = Surface(name=NavigationBar Container of Task = 17702#5993)/@0x2135080 miuiStatusSurfaceControl = Surface(name=StatusBar Container of Task = 17702#5994)/@0x7c076b9
11-20 18:16:58.657  2059  4594 E WindowManager:  source = Task{5fcd615 #17702 type=standard A=10654:com.termux} excludeMiuiNavBar = true excludeMiuiStatusBar = true excludeIme = false excludeNavBar = false miuiNavSurfaceControl = Surface(name=NavigationBar Container of Task = 17702#5993)/@0x2135080 miuiStatusSurfaceControl = Surface(name=StatusBar Container of Task = 17702#5994)/@0x7c076b9
11-20 18:22:23.221  2059  3464 E WindowManager:  source = Task{5fcd615 #17702 type=standard A=10654:com.termux} excludeMiuiNavBar = true excludeMiuiStatusBar = true excludeIme = false excludeNavBar = false miuiNavSurfaceControl = Surface(name=NavigationBar Container of Task = 17702#5993)/@0x2135080 miuiStatusSurfaceControl = Surface(name=StatusBar Container of Task = 17702#5994)/@0x7c076b9
11-20 18:22:23.232  2059  3464 E WindowManager:  source = Task{5fcd615 #17702 type=standard A=10654:com.termux} excludeMiuiNavBar = true excludeMiuiStatusBar = true excludeIme = false excludeNavBar = false miuiNavSurfaceControl = Surface(name=NavigationBar Container of Task = 17702#5993)/@0x2135080 miuiStatusSurfaceControl = Surface(name=StatusBar Container of Task = 17702#5994)/@0x7c076b9
11-20 18:22:24.310  2059  3728 E WindowManager:  source = Task{5fcd615 #17702 type=standard A=10654:com.termux} excludeMiuiNavBar = true excludeMiuiStatusBar = true excludeIme = false excludeNavBar = false miuiNavSurfaceControl = Surface(name=NavigationBar Container of Task = 17702#5993)/@0x2135080 miuiStatusSurfaceControl = Surface(name=StatusBar Container of Task = 17702#5994)/@0x7c076b9
11-20 18:22:34.795  2059  5385 E TransitionChain:    ChangeInfo{be99fd3 container=Task{3c94f4 #17707 type=standard A=10654:com.termux.filereceiver} flags=0x0}
11-20 18:22:34.795  2059  5385 E TransitionChain:    ChangeInfo{e981c0e container=ActivityRecord{154001414 u0 com.termux/.app.api.file.FileViewReceiverActivity t17707 f}} flags=0x0}
11-20 18:22:34.795  2059  5385 E TransitionChain:    ChangeInfo{be99fd3 container=Task{3c94f4 #17707 type=standard A=10654:com.termux.filereceiver} flags=0x0}
11-20 18:22:34.795  2059  5385 E TransitionChain:    ChangeInfo{e981c0e container=ActivityRecord{154001414 u0 com.termux/.app.api.file.FileViewReceiverActivity t17707 f}} flags=0x0}
11-20 18:22:34.833  2059  2367 E WindowManager:  source = Task{3c94f4 #17707 type=standard A=10654:com.termux.filereceiver} excludeMiuiNavBar = true excludeMiuiStatusBar = true excludeIme = false excludeNavBar = false miuiNavSurfaceControl = Surface(name=NavigationBar Container of Task = 17707#6685)/@0x8b7f692 miuiStatusSurfaceControl = Surface(name=StatusBar Container of Task = 17707#6686)/@0xa60a863
11-20 18:24:12.993 20785 20785 E TurboSchedMonitor: failed to find setSchedAffinity method com.termux
11-20 18:24:12.995 20785 20785 E TurboSchedMonitor: failed to find setSchedAffinity method com.termux
11-20 18:24:14.756  2059  3473 E WindowManager:  source = Task{decd773 #17709 type=standard A=10654:com.termux} excludeMiuiNavBar = true excludeMiuiStatusBar = true excludeIme = false excludeNavBar = false miuiNavSurfaceControl = Surface(name=NavigationBar Container of Task = 17709#6949)/@0xd7f02e miuiStatusSurfaceControl = Surface(name=StatusBar Container of Task = 17709#6951)/@0xc05455c
11-20 18:24:14.770  2059  4180 E WindowManager:  source = Task{decd773 #17709 type=standard A=10654:com.termux} excludeMiuiNavBar = true excludeMiuiStatusBar = true excludeIme = false excludeNavBar = false miuiNavSurfaceControl = Surface(name=NavigationBar Container of Task = 17709#6949)/@0xd7f02e miuiStatusSurfaceControl = Surface(name=StatusBar Container of Task = 17709#6951)/@0xc05455c
11-20 18:24:15.183  2059  3728 E WindowManager:  source = Task{decd773 #17709 type=standard A=10654:com.termux} excludeMiuiNavBar = true excludeMiuiStatusBar = true excludeIme = false excludeNavBar = false miuiNavSurfaceControl = Surface(name=NavigationBar Container of Task = 17709#6949)/@0xd7f02e miuiStatusSurfaceControl = Surface(name=StatusBar Container of Task = 17709#6951)/@0xc05455c
11-20 18:25:19.502 26436 26436 E TurboSchedMonitor: failed to find setSchedAffinity method com.termux
11-20 18:25:19.504 26436 26436 E TurboSchedMonitor: failed to find setSchedAffinity method com.termux
11-20 18:25:31.779  2059  3939 E WindowManager:  source = Task{decd773 #17709 type=standard A=10654:com.termux} excludeMiuiNavBar = true excludeMiuiStatusBar = true excludeIme = false excludeNavBar = false miuiNavSurfaceControl = Surface(name=NavigationBar Container of Task = 17709#7194)/@0x718c8fa miuiStatusSurfaceControl = Surface(name=StatusBar Container of Task = 17709#7195)/@0xe25eeab
11-20 18:25:31.795  2059  5353 E WindowManager:  source = Task{decd773 #17709 type=standard A=10654:com.termux} excludeMiuiNavBar = true excludeMiuiStatusBar = true excludeIme = false excludeNavBar = false miuiNavSurfaceControl = Surface(name=NavigationBar Container of Task = 17709#7194)/@0x718c8fa miuiStatusSurfaceControl = Surface(name=StatusBar Container of Task = 17709#7195)/@0xe25eeab
11-20 18:25:32.676  2059  4594 E WindowManager:  source = Task{decd773 #17709 type=standard A=10654:com.termux} excludeMiuiNavBar = true excludeMiuiStatusBar = true excludeIme = false excludeNavBar = false miuiNavSurfaceControl = Surface(name=NavigationBar Container of Task = 17709#7194)/@0x718c8fa miuiStatusSurfaceControl = Surface(name=StatusBar Container of Task = 17709#7195)/@0xe25eeab
11-20 18:26:36.792  2059  4180 E WindowManager:  source = Task{decd773 #17709 type=standard A=10654:com.termux} excludeMiuiNavBar = true excludeMiuiStatusBar = true excludeIme = false excludeNavBar = false miuiNavSurfaceControl = Surface(name=NavigationBar Container of Task = 17709#7194)/@0x718c8fa miuiStatusSurfaceControl = Surface(name=StatusBar Container of Task = 17709#7195)/@0xe25eeab
11-20 18:26:36.810  2059  7226 E WindowManager:  source = Task{decd773 #17709 type=standard A=10654:com.termux} excludeMiuiNavBar = true excludeMiuiStatusBar = true excludeIme = false excludeNavBar = false miuiNavSurfaceControl = Surface(name=NavigationBar Container of Task = 17709#7194)/@0x718c8fa miuiStatusSurfaceControl = Surface(name=StatusBar Container of Task = 17709#7195)/@0xe25eeab
11-20 18:26:37.804  2059  5352 E WindowManager:  source = Task{decd773 #17709 type=standard A=10654:com.termux} excludeMiuiNavBar = true excludeMiuiStatusBar = true excludeIme = false excludeNavBar = false miuiNavSurfaceControl = Surface(name=NavigationBar Container of Task = 17709#7194)/@0x718c8fa miuiStatusSurfaceControl = Surface(name=StatusBar Container of Task = 17709#7195)/@0xe25eeab
11-20 18:29:26.003  2059  2920 E HyperSentinel: ->pid:2990,processName:"/data/data/com.termux/files/usr/bin/node",Rss Memory Size Change 216712kb -> 282592kb
11-20 18:30:22.712  2059  2920 E HyperSentinel: ->pid:2990,processName:"/data/data/com.termux/files/usr/bin/node",Rss Memory Size Change 282592kb -> 353492kb
11-20 18:30:29.480  2059  2920 E HyperSentinel: ->pid:2990,processName:"/data/data/com.termux/files/usr/bin/node",Rss Memory Size Change 353492kb -> 218352kb
11-20 18:30:35.887  2059  2920 E HyperSentinel: ->pid:2990,processName:"/data/data/com.termux/files/usr/bin/node",Rss Memory Size Change 218352kb -> 293736kb
11-20 18:30:35.887  2059  2920 E HyperSentinel: ->pid:2990,processName:"/data/data/com.termux/files/usr/bin/node",Rss Memory Size Change 293736kb -> 367572kb
11-20 18:30:35.948  2059  2920 E HyperSentinel: ->pid:2990,processName:"/data/data/com.termux/files/usr/bin/node",Rss Memory Size Change 367572kb -> 530180kb
11-20 18:30:36.008  2059  2920 E HyperSentinel: ->pid:2990,processName:"/data/data/com.termux/files/usr/bin/node",Rss Memory Size Change 530180kb -> 671116kb
11-20 18:30:36.009  2059  2920 E HyperSentinel: ->pid:2990,processName:"/data/data/com.termux/files/usr/bin/node",Rss Memory Size Change 671116kb -> 826876kb
11-20 18:30:36.063  2059  2920 E HyperSentinel: ->pid:2990,processName:"/data/data/com.termux/files/usr/bin/node",Rss Memory Size Change 826876kb -> 530172kb
11-20 18:30:36.144  2059  2920 E HyperSentinel: ->pid:2990,processName:"/data/data/com.termux/files/usr/bin/node",Rss Memory Size Change 530172kb -> 289232kb
11-20 18:32:11.643 26436  2449 E com.termux: legacy_receive_flag: 0
11-20 18:32:20.422  3027  4261 E ActivityManagerWrapper:  mainTaskId=17709   userId=0   windowMode=1   baseIntent=Intent { act=android.intent.action.MAIN flag=271581184 cmp=ComponentInfo{com.termux/com.termux.app.TermuxActivity} }
11-20 18:32:20.463  2059  4181 E WindowManager:  source = Task{decd773 #17709 type=standard A=10654:com.termux} excludeMiuiNavBar = true excludeMiuiStatusBar = true excludeIme = false excludeNavBar = false miuiNavSurfaceControl = Surface(name=NavigationBar Container of Task = 17709#7194)/@0x718c8fa miuiStatusSurfaceControl = Surface(name=StatusBar Container of Task = 17709#7195)/@0xe25eeab
11-20 18:32:20.472  2059  4181 E WindowManager:  source = Task{decd773 #17709 type=standard A=10654:com.termux} excludeMiuiNavBar = true excludeMiuiStatusBar = true excludeIme = false excludeNavBar = false miuiNavSurfaceControl = Surface(name=NavigationBar Container of Task = 17709#7194)/@0x718c8fa miuiStatusSurfaceControl = Surface(name=StatusBar Container of Task = 17709#7195)/@0xe25eeab
11-20 18:32:21.474  2059  2347 E WindowManager:  source = Task{decd773 #17709 type=standard A=10654:com.termux} excludeMiuiNavBar = true excludeMiuiStatusBar = true excludeIme = false excludeNavBar = false miuiNavSurfaceControl = Surface(name=NavigationBar Container of Task = 17709#7194)/@0x718c8fa miuiStatusSurfaceControl = Surface(name=StatusBar Container of Task = 17709#7195)/@0xe25eeab
11-20 18:32:23.109  3027  4261 E ActivityManagerWrapper:  mainTaskId=17709   userId=0   windowMode=1   baseIntent=Intent { act=android.intent.action.MAIN flag=271581184 cmp=ComponentInfo{com.termux/com.termux.app.TermuxActivity} }
11-20 18:32:23.193  3027  4261 E ActivityManagerWrapper:  mainTaskId=17709   userId=0   windowMode=1   baseIntent=Intent { act=android.intent.action.MAIN flag=271581184 cmp=ComponentInfo{com.termux/com.termux.app.TermuxActivity} }
11-20 18:32:24.092  3027  4261 E ActivityManagerWrapper:  mainTaskId=17709   userId=0   windowMode=1   baseIntent=Intent { act=android.intent.action.MAIN flag=271581184 cmp=ComponentInfo{com.termux/com.termux.app.TermuxActivity} }
11-20 18:35:45.932  3027  4261 E ActivityManagerWrapper:  mainTaskId=17709   userId=0   windowMode=1   baseIntent=Intent { act=android.intent.action.MAIN flag=271581184 cmp=ComponentInfo{com.termux/com.termux.app.TermuxActivity} }
11-20 18:35:46.050  3027  4261 E ActivityManagerWrapper:  mainTaskId=17709   userId=0   windowMode=1   baseIntent=Intent { act=android.intent.action.MAIN flag=271581184 cmp=ComponentInfo{com.termux/com.termux.app.TermuxActivity} }
11-20 18:35:46.064  3027  4261 E ActivityManagerWrapper:  mainTaskId=17709   userId=0   windowMode=1   baseIntent=Intent { act=android.intent.action.MAIN flag=271581184 cmp=ComponentInfo{com.termux/com.termux.app.TermuxActivity} }
11-20 18:35:48.063  3027  4261 E ActivityManagerWrapper:  mainTaskId=17709   userId=0   windowMode=1   baseIntent=Intent { act=android.intent.action.MAIN flag=271581184 cmp=ComponentInfo{com.termux/com.termux.app.TermuxActivity} }
11-20 18:35:48.214  3027  4261 E ActivityManagerWrapper:  mainTaskId=17709   userId=0   windowMode=1   baseIntent=Intent { act=android.intent.action.MAIN flag=271581184 cmp=ComponentInfo{com.termux/com.termux.app.TermuxActivity} }
11-20 18:35:49.041  3027  4261 E ActivityManagerWrapper:  mainTaskId=17709   userId=0   windowMode=1   baseIntent=Intent { act=android.intent.action.MAIN flag=271581184 cmp=ComponentInfo{com.termux/com.termux.app.TermuxActivity} }
11-20 18:35:54.934  3027  4261 E ActivityManagerWrapper:  mainTaskId=17709   userId=0   windowMode=1   baseIntent=Intent { act=android.intent.action.MAIN flag=271581184 cmp=ComponentInfo{com.termux/com.termux.app.TermuxActivity} }
11-20 18:35:54.952  3388  3388 E DynamicIslandEventCoordinator: updatePkgSupportFreeform : com.termux, true
11-20 18:35:54.969  3388  3388 E DynamicIslandEventCoordinator: updatePkgSupportFreeform : com.termux, true
11-20 18:35:54.979  2059  2059 E SLM-SRV-SLAAppLib: initBroadcastReceivercom.termux
11-20 18:35:55.047  2059  2728 E AppScanObserverService: Try to add a invalid package: com.termux | 10654 | 0
11-20 18:35:55.048  2059  2059 E SLM-SRV-SLAAppLib: initBroadcastReceivercom.termux
11-20 18:35:55.121  3388  3388 E DynamicIslandEventCoordinator: updatePkgSupportFreeform : com.termux, true
11-20 18:35:55.124  2059  2059 E SLM-SRV-SLAAppLib: initBroadcastReceivercom.termux
11-20 18:35:56.049  3027  4261 E ActivityManagerWrapper:  mainTaskId=17709   userId=0   windowMode=1   baseIntent=Intent { act=android.intent.action.MAIN flag=271581184 cmp=ComponentInfo{com.termux/com.termux.app.TermuxActivity} }
11-20 18:35:56.765  3027  4261 E ActivityManagerWrapper:  mainTaskId=17714   userId=0   windowMode=1   baseIntent=Intent { act=android.intent.action.MAIN flag=285212672 cmp=ComponentInfo{com.termux/com.termux.app.TermuxActivity} }
11-20 18:35:56.785  3027  4261 E ActivityManagerWrapper:  mainTaskId=17714   userId=0   windowMode=1   baseIntent=Intent { act=android.intent.action.MAIN flag=285212672 cmp=ComponentInfo{com.termux/com.termux.app.TermuxActivity} }
11-20 18:35:56.801 32009 32009 E Zygote  : process_name_ptr:32009 com.termux
11-20 18:35:56.801 32009 32009 E Zygote  : SetMemoryProtected process_name_ptr:32009 com.termux
11-20 18:35:56.843  3027  4261 E ActivityManagerWrapper:  mainTaskId=17714   userId=0   windowMode=1   baseIntent=Intent { act=android.intent.action.MAIN flag=285212672 cmp=ComponentInfo{com.termux/com.termux.app.TermuxActivity} }
11-20 18:35:56.969 32009 32009 E TurboSchedMonitor: failed to find setSchedAffinity method com.termux
11-20 18:35:56.970 32009 32009 E TurboSchedMonitor: failed to find setSchedAffinity method com.termux
11-20 18:35:57.008  2059  2920 E HyperSentinel: ->pid:32009,processName:"com.termux",Rss Memory Size Change 115812kb -> 156856kb
11-20 18:35:57.025  6078 12464 E SuggestManager: openApp name = com.termux
11-20 18:35:57.113  2059  2920 E HyperSentinel: ->pid:32009,processName:"com.termux",Rss Memory Size Change 156856kb -> 210056kb
11-20 18:35:57.143 32009 10931 E com.termux: Failed to query component interface for required system resources: 6
11-20 18:35:57.223 32009 32009 E com.termux: [perfctl] 32009 32009 FPSGO ver:-1
11-20 18:35:57.223 32009 32009 E com.termux: [perfctl] 0 0 0 0
11-20 18:35:57.373  2059  2920 E HyperSentinel: ->pid:32009,processName:"com.termux",Rss Memory Size Change 210056kb -> 273720kb
11-20 18:35:57.629  3027  4261 E ActivityManagerWrapper:  mainTaskId=17714   userId=0   windowMode=1   baseIntent=Intent { act=android.intent.action.MAIN flag=285212672 cmp=ComponentInfo{com.termux/com.termux.app.TermuxActivity} }
11-20 18:35:58.983  3027  4261 E ActivityManagerWrapper:  mainTaskId=17714   userId=0   windowMode=1   baseIntent=Intent { act=android.intent.action.MAIN flag=285212672 cmp=ComponentInfo{com.termux/com.termux.app.TermuxActivity} }
11-20 18:35:59.053  2059  5352 E WindowManager:  source = Task{8171ca0 #17714 type=standard A=10654:com.termux} excludeMiuiNavBar = true excludeMiuiStatusBar = true excludeIme = false excludeNavBar = false miuiNavSurfaceControl = Surface(name=NavigationBar Container of Task = 17714#7650)/@0x2e162cc miuiStatusSurfaceControl = Surface(name=StatusBar Container of Task = 17714#7652)/@0xbd96915
11-20 18:35:59.069  2059  5352 E WindowManager:  source = Task{8171ca0 #17714 type=standard A=10654:com.termux} excludeMiuiNavBar = true excludeMiuiStatusBar = true excludeIme = false excludeNavBar = false miuiNavSurfaceControl = Surface(name=NavigationBar Container of Task = 17714#7650)/@0x2e162cc miuiStatusSurfaceControl = Surface(name=StatusBar Container of Task = 17714#7652)/@0xbd96915
11-20 18:35:59.592  2059  3570 E WindowManager:  source = Task{8171ca0 #17714 type=standard A=10654:com.termux} excludeMiuiNavBar = true excludeMiuiStatusBar = true excludeIme = false excludeNavBar = false miuiNavSurfaceControl = Surface(name=NavigationBar Container of Task = 17714#7650)/@0x2e162cc miuiStatusSurfaceControl = Surface(name=StatusBar Container of Task = 17714#7652)/@0xbd96915
11-20 18:35:59.667  3027  4261 E ActivityManagerWrapper:  mainTaskId=17714   userId=0   windowMode=1   baseIntent=Intent { act=android.intent.action.MAIN flag=285212672 cmp=ComponentInfo{com.termux/com.termux.app.TermuxActivity} }
11-20 18:35:59.762  3027  4261 E ActivityManagerWrapper:  mainTaskId=17714   userId=0   windowMode=1   baseIntent=Intent { act=android.intent.action.MAIN flag=285212672 cmp=ComponentInfo{com.termux/com.termux.app.TermuxActivity} }
11-20 18:36:04.150  3027  4261 E ActivityManagerWrapper:  mainTaskId=17714   userId=0   windowMode=1   baseIntent=Intent { act=android.intent.action.MAIN flag=285212672 cmp=ComponentInfo{com.termux/com.termux.app.TermuxActivity} }
11-20 18:36:10.071  3027  4261 E ActivityManagerWrapper:  mainTaskId=17714   userId=0   windowMode=1   baseIntent=Intent { act=android.intent.action.MAIN flag=285212672 cmp=ComponentInfo{com.termux/com.termux.app.TermuxActivity} }
11-20 18:36:10.903  6078 12464 E SuggestManager: openApp name = com.termux
11-20 18:36:10.920  3027  4261 E ActivityManagerWrapper:  mainTaskId=17714   userId=0   windowMode=1   baseIntent=Intent { act=android.intent.action.MAIN flag=285212672 cmp=ComponentInfo{com.termux/com.termux.app.TermuxActivity} }
11-20 18:36:10.933 32009 11387 E com.termux: Failed to query component interface for required system resources: 6
11-20 18:36:10.954 32009 10917 E com.termux: FrameInsert open fail: No such file or directory
11-20 18:36:11.010  3027  4261 E ActivityManagerWrapper:  mainTaskId=17714   userId=0   windowMode=1   baseIntent=Intent { act=android.intent.action.MAIN flag=285212672 cmp=ComponentInfo{com.termux/com.termux.app.TermuxActivity} }
11-20 18:36:11.758  3027  4261 E ActivityManagerWrapper:  mainTaskId=17714   userId=0   windowMode=1   baseIntent=Intent { act=android.intent.action.MAIN flag=285212672 cmp=ComponentInfo{com.termux/com.termux.app.TermuxActivity} }
11-20 18:36:11.777  2059  3939 E WindowManager:  source = Task{8171ca0 #17714 type=standard A=10654:com.termux} excludeMiuiNavBar = true excludeMiuiStatusBar = true excludeIme = false excludeNavBar = false miuiNavSurfaceControl = Surface(name=NavigationBar Container of Task = 17714#7650)/@0x2e162cc miuiStatusSurfaceControl = Surface(name=StatusBar Container of Task = 17714#7652)/@0xbd96915
11-20 18:36:11.804  2059  4124 E WindowManager:  source = Task{8171ca0 #17714 type=standard A=10654:com.termux} excludeMiuiNavBar = true excludeMiuiStatusBar = true excludeIme = false excludeNavBar = false miuiNavSurfaceControl = Surface(name=NavigationBar Container of Task = 17714#7650)/@0x2e162cc miuiStatusSurfaceControl = Surface(name=StatusBar Container of Task = 17714#7652)/@0xbd96915
11-20 18:36:12.788  2059  5353 E WindowManager:  source = Task{8171ca0 #17714 type=standard A=10654:com.termux} excludeMiuiNavBar = true excludeMiuiStatusBar = true excludeIme = false excludeNavBar = false miuiNavSurfaceControl = Surface(name=NavigationBar Container of Task = 17714#7650)/@0x2e162cc miuiStatusSurfaceControl = Surface(name=StatusBar Container of Task = 17714#7652)/@0xbd96915
11-20 18:36:13.962  3027  4261 E ActivityManagerWrapper:  mainTaskId=17714   userId=0   windowMode=1   baseIntent=Intent { act=android.intent.action.MAIN flag=285212672 cmp=ComponentInfo{com.termux/com.termux.app.TermuxActivity} }
11-20 18:36:14.019  3027  4261 E ActivityManagerWrapper:  mainTaskId=17714   userId=0   windowMode=1   baseIntent=Intent { act=android.intent.action.MAIN flag=285212672 cmp=ComponentInfo{com.termux/com.termux.app.TermuxActivity} }
11-20 18:36:14.661  3027  4261 E ActivityManagerWrapper:  mainTaskId=17714   userId=0   windowMode=1   baseIntent=Intent { act=android.intent.action.MAIN flag=285212672 cmp=ComponentInfo{com.termux/com.termux.app.TermuxActivity} }
11-20 18:36:14.771  3027  4261 E ActivityManagerWrapper:  mainTaskId=17714   userId=0   windowMode=1   baseIntent=Intent { act=android.intent.action.MAIN flag=285212672 cmp=ComponentInfo{com.termux/com.termux.app.TermuxActivity} }
11-20 18:36:14.882  3027  4261 E ActivityManagerWrapper:  mainTaskId=17714   userId=0   windowMode=1   baseIntent=Intent { act=android.intent.action.MAIN flag=285212672 cmp=ComponentInfo{com.termux/com.termux.app.TermuxActivity} }
11-20 18:36:14.924  3027  4261 E ActivityManagerWrapper:  mainTaskId=17714   userId=0   windowMode=1   baseIntent=Intent { act=android.intent.action.MAIN flag=285212672 cmp=ComponentInfo{com.termux/com.termux.app.TermuxActivity} }
11-20 18:36:14.930  3027  4261 E ActivityManagerWrapper:  mainTaskId=17714   userId=0   windowMode=1   baseIntent=Intent { act=android.intent.action.MAIN flag=285212672 cmp=ComponentInfo{com.termux/com.termux.app.TermuxActivity} }
11-20 18:36:15.041  3027  4261 E ActivityManagerWrapper:  mainTaskId=17714   userId=0   windowMode=1   baseIntent=Intent { act=android.intent.action.MAIN flag=285212672 cmp=ComponentInfo{com.termux/com.termux.app.TermuxActivity} }
11-20 18:36:15.079  3027  4261 E ActivityManagerWrapper:  mainTaskId=17714   userId=0   windowMode=1   baseIntent=Intent { act=android.intent.action.MAIN flag=285212672 cmp=ComponentInfo{com.termux/com.termux.app.TermuxActivity} }
11-20 18:36:15.868  3027  4261 E ActivityManagerWrapper:  mainTaskId=17714   userId=0   windowMode=1   baseIntent=Intent { act=android.intent.action.MAIN flag=285212672 cmp=ComponentInfo{com.termux/com.termux.app.TermuxActivity} }
11-20 18:36:19.129  3027  4261 E ActivityManagerWrapper:  mainTaskId=17714   userId=0   windowMode=1   baseIntent=Intent { act=android.intent.action.MAIN flag=285212672 cmp=ComponentInfo{com.termux/com.termux.app.TermuxActivity} }
11-20 18:36:19.601  3027  4261 E ActivityManagerWrapper:  mainTaskId=17714   userId=0   windowMode=1   baseIntent=Intent { act=android.intent.action.MAIN flag=285212672 cmp=ComponentInfo{com.termux/com.termux.app.TermuxActivity} }
11-20 18:36:19.666  3388  3388 E DynamicIslandEventCoordinator: updatePkgSupportFreeform : com.termux, true
11-20 18:36:19.675  3388  3388 E DynamicIslandEventCoordinator: updatePkgSupportFreeform : com.termux, true
11-20 18:36:19.678  3388  3388 E DynamicIslandEventCoordinator: updatePkgSupportFreeform : com.termux, true
11-20 18:36:19.801  2059  2059 E SLM-SRV-SLAAppLib: initBroadcastReceivercom.termux
11-20 18:36:19.817  2059  2728 E AppScanObserverService: Try to add a invalid package: com.termux | 10654 | 0
11-20 18:36:19.822  2059  2059 E SLM-SRV-SLAAppLib: initBroadcastReceivercom.termux
11-20 18:36:19.829  2059  2059 E SLM-SRV-SLAAppLib: initBroadcastReceivercom.termux
11-20 18:36:20.809  3027  4261 E ActivityManagerWrapper:  mainTaskId=17714   userId=0   windowMode=1   baseIntent=Intent { act=android.intent.action.MAIN flag=285212672 cmp=ComponentInfo{com.termux/com.termux.app.TermuxActivity} }
11-20 18:36:20.917  3027  4261 E ActivityManagerWrapper:  mainTaskId=17714   userId=0   windowMode=1   baseIntent=Intent { act=android.intent.action.MAIN flag=285212672 cmp=ComponentInfo{com.termux/com.termux.app.TermuxActivity} }
11-20 18:36:21.646  3027  4261 E ActivityManagerWrapper:  mainTaskId=17714   userId=0   windowMode=1   baseIntent=Intent { act=android.intent.action.MAIN flag=285212672 cmp=ComponentInfo{com.termux/com.termux.app.TermuxActivity} }
11-20 18:36:21.709  3027  4261 E ActivityManagerWrapper:  mainTaskId=17714   userId=0   windowMode=1   baseIntent=Intent { act=android.intent.action.MAIN flag=285212672 cmp=ComponentInfo{com.termux/com.termux.app.TermuxActivity} }
11-20 18:36:23.480  3027  4261 E ActivityManagerWrapper:  mainTaskId=17714   userId=0   windowMode=1   baseIntent=Intent { act=android.intent.action.MAIN flag=286261248 cmp=ComponentInfo{com.termux/com.termux.app.TermuxActivity} }
11-20 18:36:23.495  3027  4261 E ActivityManagerWrapper:  mainTaskId=17714   userId=0   windowMode=1   baseIntent=Intent { act=android.intent.action.MAIN flag=286261248 cmp=ComponentInfo{com.termux/com.termux.app.TermuxActivity} }
11-20 18:36:23.569  3027  4261 E ActivityManagerWrapper:  mainTaskId=17714   userId=0   windowMode=1   baseIntent=Intent { act=android.intent.action.MAIN flag=286261248 cmp=ComponentInfo{com.termux/com.termux.app.TermuxActivity} }
11-20 18:36:24.449  2642  2642 E Zygote  : process_name_ptr:2642 com.termux
11-20 18:36:24.449  2642  2642 E Zygote  : SetMemoryProtected process_name_ptr:2642 com.termux
11-20 18:36:24.525  3027  4261 E ActivityManagerWrapper:  mainTaskId=17714   userId=0   windowMode=1   baseIntent=Intent { act=android.intent.action.MAIN flag=286261248 cmp=ComponentInfo{com.termux/com.termux.app.TermuxActivity} }
11-20 18:36:24.622  2642  2642 E TurboSchedMonitor: failed to find setSchedAffinity method com.termux
11-20 18:36:24.622  2642  2642 E TurboSchedMonitor: failed to find setSchedAffinity method com.termux
11-20 18:36:24.644  2059  2920 E HyperSentinel: ->pid:2642,processName:"com.termux",Rss Memory Size Change 122364kb -> 159092kb
11-20 18:36:24.663  6078 12464 E SuggestManager: openApp name = com.termux
11-20 18:36:24.749  2059  2920 E HyperSentinel: ->pid:2642,processName:"com.termux",Rss Memory Size Change 159092kb -> 206828kb
11-20 18:36:24.774  2642 12474 E com.termux: Failed to query component interface for required system resources: 6
11-20 18:36:24.874  2642  2642 E com.termux: [perfctl] 2642 2642 FPSGO ver:-1
11-20 18:36:24.874  2642  2642 E com.termux: [perfctl] 0 0 0 0
11-20 18:36:24.986  2059  2920 E HyperSentinel: ->pid:2642,processName:"com.termux",Rss Memory Size Change 206828kb -> 270984kb
11-20 18:36:33.141  2642 12439 E com.termux: FrameInsert open fail: No such file or directory
11-20 18:36:38.113  2059  2920 E HyperSentinel: ->pid:12816,processName:"/data/data/com.termux/files/usr/bin/node",Rss Memory Size Change 212552kb -> 279728kb
11-20 18:36:45.082  1652  1702 D misight : Execute start execute sql /data/miuilog/misight/event.db:select id,occured_cnt from event_info where event_id = '905001001' and version_id = '12' and param_list = '{"broadTemp":25516,"packageName":"com.termux","packageNames":"Key: com.termux, Value: 333.0;Key: com.android.chrome, Value: 202.0;Key: bin.mt.plus, Value: 37.0","scenarioName":"normal","time":"18:36:45"}' and time_id = '144' limit 1
11-20 18:36:45.094  1652  1702 D misight : Execute start execute sql /data/miuilog/misight/event.db:insert into event_info (event_id,version_id,occured_cnt,first_time,param_list,expire,visible,time_id)  values ( 905001001,12,1,1763635005,'{"broadTemp":25516,"packageName":"com.termux","packageNames":"Key: com.termux, Value: 333.0;Key: com.android.chrome, Value: 202.0;Key: bin.mt.plus, Value: 37.0","scenarioName":"normal","time":"18:36:45"}',0,0,144) 
11-20 18:37:31.054  2059  2920 E HyperSentinel: ->pid:12816,processName:"/data/data/com.termux/files/usr/bin/node",Rss Memory Size Change 279728kb -> 372864kb
11-20 18:37:31.114  2059  2920 E HyperSentinel: ->pid:12816,processName:"/data/data/com.termux/files/usr/bin/node",Rss Memory Size Change 372864kb -> 532680kb
11-20 18:37:31.165  2059  2920 E HyperSentinel: ->pid:12816,processName:"/data/data/com.termux/files/usr/bin/node",Rss Memory Size Change 532680kb -> 692096kb
11-20 18:37:31.222  2059  2920 E HyperSentinel: ->pid:12816,processName:"/data/data/com.termux/files/usr/bin/node",Rss Memory Size Change 692096kb -> 836504kb
11-20 18:37:31.291  2059  2920 E HyperSentinel: ->pid:12816,processName:"/data/data/com.termux/files/usr/bin/node",Rss Memory Size Change 836504kb -> 463660kb
11-20 18:37:31.291  2059  2920 E HyperSentinel: ->pid:12816,processName:"/data/data/com.termux/files/usr/bin/node",Rss Memory Size Change 463660kb -> 301416kb
11-20 18:37:46.562  2059  2920 E HyperSentinel: ->pid:12816,processName:"/data/data/com.termux/files/usr/bin/node",Rss Memory Size Change 301416kb -> 180108kb
11-20 18:38:34.649  2059  2920 E HyperSentinel: ->pid:12816,processName:"/data/data/com.termux/files/usr/bin/node",Rss Memory Size Change 180108kb -> 242792kb
11-20 18:44:18.708  2642  2642 E com.termux: legacy_receive_flag: 0
11-20 18:46:45.086  1652  1702 D misight : Execute start execute sql /data/miuilog/misight/event.db:select id,occured_cnt from event_info where event_id = '905001001' and version_id = '12' and param_list = '{"broadTemp":24006,"packageName":"com.termux","packageNames":"Key: com.termux, Value: 600.0","scenarioName":"normal","time":"18:46:45"}' and time_id = '144' limit 1
11-20 18:46:45.102  1652  1702 D misight : Execute start execute sql /data/miuilog/misight/event.db:insert into event_info (event_id,version_id,occured_cnt,first_time,param_list,expire,visible,time_id)  values ( 905001001,12,1,1763635605,'{"broadTemp":24006,"packageName":"com.termux","packageNames":"Key: com.termux, Value: 600.0","scenarioName":"normal","time":"18:46:45"}',0,0,144) 
11-20 18:47:49.332  2059  2920 E HyperSentinel: ->pid:12816,processName:"/data/data/com.termux/files/usr/bin/node",Rss Memory Size Change 242792kb -> 307744kb
11-20 18:48:50.737  3027  4261 E ActivityManagerWrapper:  mainTaskId=17714   userId=0   windowMode=1   baseIntent=Intent { act=android.intent.action.MAIN flag=286261248 cmp=ComponentInfo{com.termux/com.termux.app.TermuxActivity} }
11-20 18:48:50.766  2059  3728 E WindowManager:  source = Task{8171ca0 #17714 type=standard A=10654:com.termux} excludeMiuiNavBar = true excludeMiuiStatusBar = true excludeIme = false excludeNavBar = false miuiNavSurfaceControl = Surface(name=NavigationBar Container of Task = 17714#7871)/@0xcb98168 miuiStatusSurfaceControl = Surface(name=StatusBar Container of Task = 17714#7872)/@0xed9f981
11-20 18:48:50.777  2059  3728 E WindowManager:  source = Task{8171ca0 #17714 type=standard A=10654:com.termux} excludeMiuiNavBar = true excludeMiuiStatusBar = true excludeIme = false excludeNavBar = false miuiNavSurfaceControl = Surface(name=NavigationBar Container of Task = 17714#7871)/@0xcb98168 miuiStatusSurfaceControl = Surface(name=StatusBar Container of Task = 17714#7872)/@0xed9f981
11-20 18:48:51.679  2059  4594 E WindowManager:  source = Task{8171ca0 #17714 type=standard A=10654:com.termux} excludeMiuiNavBar = true excludeMiuiStatusBar = true excludeIme = false excludeNavBar = false miuiNavSurfaceControl = Surface(name=NavigationBar Container of Task = 17714#7871)/@0xcb98168 miuiStatusSurfaceControl = Surface(name=StatusBar Container of Task = 17714#7872)/@0xed9f981
11-20 18:48:51.821  3027  4261 E ActivityManagerWrapper:  mainTaskId=17714   userId=0   windowMode=1   baseIntent=Intent { act=android.intent.action.MAIN flag=286261248 cmp=ComponentInfo{com.termux/com.termux.app.TermuxActivity} }
11-20 18:48:54.306  3027  4261 E ActivityManagerWrapper:  mainTaskId=17714   userId=0   windowMode=1   baseIntent=Intent { act=android.intent.action.MAIN flag=286261248 cmp=ComponentInfo{com.termux/com.termux.app.TermuxActivity} }
11-20 18:48:54.328  3027  4261 E ActivityManagerWrapper:  mainTaskId=17714   userId=0   windowMode=1   baseIntent=Intent { act=android.intent.action.MAIN flag=286261248 cmp=ComponentInfo{com.termux/com.termux.app.TermuxActivity} }
11-20 18:48:54.390  3027  4261 E ActivityManagerWrapper:  mainTaskId=17714   userId=0   windowMode=1   baseIntent=Intent { act=android.intent.action.MAIN flag=286261248 cmp=ComponentInfo{com.termux/com.termux.app.TermuxActivity} }
11-20 18:48:55.109  3027  4261 E ActivityManagerWrapper:  mainTaskId=17714   userId=0   windowMode=1   baseIntent=Intent { act=android.intent.action.MAIN flag=286261248 cmp=ComponentInfo{com.termux/com.termux.app.TermuxActivity} }
11-20 18:48:55.368  3027  4261 E ActivityManagerWrapper:  mainTaskId=17714   userId=0   windowMode=1   baseIntent=Intent { act=android.intent.action.MAIN flag=286261248 cmp=ComponentInfo{com.termux/com.termux.app.TermuxActivity} }
11-20 18:48:56.581  3027  4261 E ActivityManagerWrapper:  mainTaskId=17714   userId=0   windowMode=1   baseIntent=Intent { act=android.intent.action.MAIN flag=286261248 cmp=ComponentInfo{com.termux/com.termux.app.TermuxActivity} }
11-20 18:48:59.377  3027  4261 E ActivityManagerWrapper:  mainTaskId=17714   userId=0   windowMode=1   baseIntent=Intent { act=android.intent.action.MAIN flag=286261248 cmp=ComponentInfo{com.termux/com.termux.app.TermuxActivity} }
11-20 18:49:02.464  3027  4261 E ActivityManagerWrapper:  mainTaskId=17714   userId=0   windowMode=1   baseIntent=Intent { act=android.intent.action.MAIN flag=286261248 cmp=ComponentInfo{com.termux/com.termux.app.TermuxActivity} }
11-20 18:49:04.099  3027  4261 E ActivityManagerWrapper:  mainTaskId=17714   userId=0   windowMode=1   baseIntent=Intent { act=android.intent.action.MAIN flag=286261248 cmp=ComponentInfo{com.termux/com.termux.app.TermuxActivity} }
11-20 18:49:07.259  3027  4261 E ActivityManagerWrapper:  mainTaskId=17714   userId=0   windowMode=1   baseIntent=Intent { act=android.intent.action.MAIN flag=286261248 cmp=ComponentInfo{com.termux/com.termux.app.TermuxActivity} }
11-20 18:49:07.373  3027  4261 E ActivityManagerWrapper:  mainTaskId=17714   userId=0   windowMode=1   baseIntent=Intent { act=android.intent.action.MAIN flag=286261248 cmp=ComponentInfo{com.termux/com.termux.app.TermuxActivity} }
11-20 18:49:07.461  3027  4261 E ActivityManagerWrapper:  mainTaskId=17714   userId=0   windowMode=1   baseIntent=Intent { act=android.intent.action.MAIN flag=286261248 cmp=ComponentInfo{com.termux/com.termux.app.TermuxActivity} }
11-20 18:49:35.233  3027  4261 E ActivityManagerWrapper:  mainTaskId=17714   userId=0   windowMode=1   baseIntent=Intent { act=android.intent.action.MAIN flag=286261248 cmp=ComponentInfo{com.termux/com.termux.app.TermuxActivity} }
11-20 18:49:40.432  3027  4261 E ActivityManagerWrapper:  mainTaskId=17714   userId=0   windowMode=1   baseIntent=Intent { act=android.intent.action.MAIN flag=286261248 cmp=ComponentInfo{com.termux/com.termux.app.TermuxActivity} }
11-20 18:49:41.179  3027  4261 E ActivityManagerWrapper:  mainTaskId=17714   userId=0   windowMode=1   baseIntent=Intent { act=android.intent.action.MAIN flag=286261248 cmp=ComponentInfo{com.termux/com.termux.app.TermuxActivity} }
11-20 18:49:41.257  3027  4261 E ActivityManagerWrapper:  mainTaskId=17714   userId=0   windowMode=1   baseIntent=Intent { act=android.intent.action.MAIN flag=286261248 cmp=ComponentInfo{com.termux/com.termux.app.TermuxActivity} }
11-20 18:49:42.135  3027  4261 E ActivityManagerWrapper:  mainTaskId=17714   userId=0   windowMode=1   baseIntent=Intent { act=android.intent.action.MAIN flag=286261248 cmp=ComponentInfo{com.termux/com.termux.app.TermuxActivity} }
11-20 18:49:43.094  3027  4261 E ActivityManagerWrapper:  mainTaskId=17714   userId=0   windowMode=1   baseIntent=Intent { act=android.intent.action.MAIN flag=286261248 cmp=ComponentInfo{com.termux/com.termux.app.TermuxActivity} }
11-20 18:49:43.170  6078 12464 E SuggestManager: openApp name = com.termux
11-20 18:49:43.207  3027  4261 E ActivityManagerWrapper:  mainTaskId=17714   userId=0   windowMode=1   baseIntent=Intent { act=android.intent.action.MAIN flag=286261248 cmp=ComponentInfo{com.termux/com.termux.app.TermuxActivity} }
11-20 18:49:43.209  2642 22723 E com.termux: Failed to query component interface for required system resources: 6
11-20 18:49:44.691  2059  3470 E WindowManager:  source = Task{8171ca0 #17714 type=standard A=10654:com.termux} excludeMiuiNavBar = true excludeMiuiStatusBar = true excludeIme = false excludeNavBar = false miuiNavSurfaceControl = Surface(name=NavigationBar Container of Task = 17714#7871)/@0xcb98168 miuiStatusSurfaceControl = Surface(name=StatusBar Container of Task = 17714#7872)/@0xed9f981
11-20 18:49:44.696  3027  4261 E ActivityManagerWrapper:  mainTaskId=17714   userId=0   windowMode=1   baseIntent=Intent { act=android.intent.action.MAIN flag=286261248 cmp=ComponentInfo{com.termux/com.termux.app.TermuxActivity} }
11-20 18:49:44.701  2059  3470 E WindowManager:  source = Task{8171ca0 #17714 type=standard A=10654:com.termux} excludeMiuiNavBar = true excludeMiuiStatusBar = true excludeIme = false excludeNavBar = false miuiNavSurfaceControl = Surface(name=NavigationBar Container of Task = 17714#7871)/@0xcb98168 miuiStatusSurfaceControl = Surface(name=StatusBar Container of Task = 17714#7872)/@0xed9f981
11-20 18:49:45.549  2059  3698 E WindowManager:  source = Task{8171ca0 #17714 type=standard A=10654:com.termux} excludeMiuiNavBar = true excludeMiuiStatusBar = true excludeIme = false excludeNavBar = false miuiNavSurfaceControl = Surface(name=NavigationBar Container of Task = 17714#7871)/@0xcb98168 miuiStatusSurfaceControl = Surface(name=StatusBar Container of Task = 17714#7872)/@0xed9f981
11-20 18:49:45.617  3027  4261 E ActivityManagerWrapper:  mainTaskId=17714   userId=0   windowMode=1   baseIntent=Intent { act=android.intent.action.MAIN flag=286261248 cmp=ComponentInfo{com.termux/com.termux.app.TermuxActivity} }
11-20 18:49:45.706  3027  4261 E ActivityManagerWrapper:  mainTaskId=17714   userId=0   windowMode=1   baseIntent=Intent { act=android.intent.action.MAIN flag=286261248 cmp=ComponentInfo{com.termux/com.termux.app.TermuxActivity} }
11-20 18:50:08.908  3027  4261 E ActivityManagerWrapper:  mainTaskId=17714   userId=0   windowMode=1   baseIntent=Intent { act=android.intent.action.MAIN flag=286261248 cmp=ComponentInfo{com.termux/com.termux.app.TermuxActivity} }
11-20 18:50:09.829  3027  4261 E ActivityManagerWrapper:  mainTaskId=17714   userId=0   windowMode=1   baseIntent=Intent { act=android.intent.action.MAIN flag=286261248 cmp=ComponentInfo{com.termux/com.termux.app.TermuxActivity} }
11-20 18:50:09.902  6078 12464 E SuggestManager: openApp name = com.termux
11-20 18:50:09.956  2642 23135 E com.termux: Failed to query component interface for required system resources: 6
11-20 18:50:09.984  3027  4261 E ActivityManagerWrapper:  mainTaskId=17714   userId=0   windowMode=1   baseIntent=Intent { act=android.intent.action.MAIN flag=286261248 cmp=ComponentInfo{com.termux/com.termux.app.TermuxActivity} }
11-20 18:50:59.556  3027  4261 E ActivityManagerWrapper:  mainTaskId=17714   userId=0   windowMode=1   baseIntent=Intent { act=android.intent.action.MAIN flag=286261248 cmp=ComponentInfo{com.termux/com.termux.app.TermuxActivity} }
11-20 18:50:59.590  2059  3556 E WindowManager:  source = Task{8171ca0 #17714 type=standard A=10654:com.termux} excludeMiuiNavBar = true excludeMiuiStatusBar = true excludeIme = false excludeNavBar = false miuiNavSurfaceControl = Surface(name=NavigationBar Container of Task = 17714#7871)/@0xcb98168 miuiStatusSurfaceControl = Surface(name=StatusBar Container of Task = 17714#7872)/@0xed9f981
11-20 18:50:59.605  2059  2597 E WindowManager:  source = Task{8171ca0 #17714 type=standard A=10654:com.termux} excludeMiuiNavBar = true excludeMiuiStatusBar = true excludeIme = false excludeNavBar = false miuiNavSurfaceControl = Surface(name=NavigationBar Container of Task = 17714#7871)/@0xcb98168 miuiStatusSurfaceControl = Surface(name=StatusBar Container of Task = 17714#7872)/@0xed9f981
11-20 18:51:00.289  2059  3939 E WindowManager:  source = Task{8171ca0 #17714 type=standard A=10654:com.termux} excludeMiuiNavBar = true excludeMiuiStatusBar = true excludeIme = false excludeNavBar = false miuiNavSurfaceControl = Surface(name=NavigationBar Container of Task = 17714#7871)/@0xcb98168 miuiStatusSurfaceControl = Surface(name=StatusBar Container of Task = 17714#7872)/@0xed9f981
11-20 18:51:00.388  3027  4261 E ActivityManagerWrapper:  mainTaskId=17714   userId=0   windowMode=1   baseIntent=Intent { act=android.intent.action.MAIN flag=286261248 cmp=ComponentInfo{com.termux/com.termux.app.TermuxActivity} }
11-20 18:51:00.451  3027  4261 E ActivityManagerWrapper:  mainTaskId=17714   userId=0   windowMode=1   baseIntent=Intent { act=android.intent.action.MAIN flag=286261248 cmp=ComponentInfo{com.termux/com.termux.app.TermuxActivity} }
11-20 18:51:06.814  3027  4261 E ActivityManagerWrapper:  mainTaskId=17714   userId=0   windowMode=1   baseIntent=Intent { act=android.intent.action.MAIN flag=286261248 cmp=ComponentInfo{com.termux/com.termux.app.TermuxActivity} }
11-20 18:51:07.429  3027  4261 E ActivityManagerWrapper:  mainTaskId=17714   userId=0   windowMode=1   baseIntent=Intent { act=android.intent.action.MAIN flag=286261248 cmp=ComponentInfo{com.termux/com.termux.app.TermuxActivity} }
11-20 18:51:07.484  6078 12464 E SuggestManager: openApp name = com.termux
11-20 18:51:07.537  2642 23571 E com.termux: Failed to query component interface for required system resources: 6
11-20 18:51:07.568  3027  4261 E ActivityManagerWrapper:  mainTaskId=17714   userId=0   windowMode=1   baseIntent=Intent { act=android.intent.action.MAIN flag=286261248 cmp=ComponentInfo{com.termux/com.termux.app.TermuxActivity} }
11-20 18:54:47.674  3027  4261 E ActivityManagerWrapper:  mainTaskId=17714   userId=0   windowMode=1   baseIntent=Intent { act=android.intent.action.MAIN flag=286261248 cmp=ComponentInfo{com.termux/com.termux.app.TermuxActivity} }
11-20 18:54:47.708  2059  3471 E WindowManager:  source = Task{8171ca0 #17714 type=standard A=10654:com.termux} excludeMiuiNavBar = true excludeMiuiStatusBar = true excludeIme = false excludeNavBar = false miuiNavSurfaceControl = Surface(name=NavigationBar Container of Task = 17714#7871)/@0xcb98168 miuiStatusSurfaceControl = Surface(name=StatusBar Container of Task = 17714#7872)/@0xed9f981
11-20 18:54:47.726  2059  3473 E WindowManager:  source = Task{8171ca0 #17714 type=standard A=10654:com.termux} excludeMiuiNavBar = true excludeMiuiStatusBar = true excludeIme = false excludeNavBar = false miuiNavSurfaceControl = Surface(name=NavigationBar Container of Task = 17714#7871)/@0xcb98168 miuiStatusSurfaceControl = Surface(name=StatusBar Container of Task = 17714#7872)/@0xed9f981
11-20 18:54:48.681  2059  3473 E WindowManager:  source = Task{8171ca0 #17714 type=standard A=10654:com.termux} excludeMiuiNavBar = true excludeMiuiStatusBar = true excludeIme = false excludeNavBar = false miuiNavSurfaceControl = Surface(name=NavigationBar Container of Task = 17714#7871)/@0xcb98168 miuiStatusSurfaceControl = Surface(name=StatusBar Container of Task = 17714#7872)/@0xed9f981
11-20 18:54:48.782  3027  4261 E ActivityManagerWrapper:  mainTaskId=17714   userId=0   windowMode=1   baseIntent=Intent { act=android.intent.action.MAIN flag=286261248 cmp=ComponentInfo{com.termux/com.termux.app.TermuxActivity} }
11-20 18:54:48.853  3027  4261 E ActivityManagerWrapper:  mainTaskId=17714   userId=0   windowMode=1   baseIntent=Intent { act=android.intent.action.MAIN flag=286261248 cmp=ComponentInfo{com.termux/com.termux.app.TermuxActivity} }
11-20 18:56:45.085  1652  1702 D misight : Execute start execute sql /data/miuilog/misight/event.db:select id,occured_cnt from event_info where event_id = '905001001' and version_id = '12' and param_list = '{"broadTemp":25394,"packageName":"com.android.chrome","packageNames":"Key: com.termux, Value: 395.0;Key: com.android.chrome, Value: 145.0;Key: com.eg.android.AlipayGphone, Value: 45.0","scenarioName":"class0","time":"18:56:45"}' and time_id = '144' limit 1
11-20 18:56:45.106  1652  1702 D misight : Execute start execute sql /data/miuilog/misight/event.db:insert into event_info (event_id,version_id,occured_cnt,first_time,param_list,expire,visible,time_id)  values ( 905001001,12,1,1763636205,'{"broadTemp":25394,"packageName":"com.android.chrome","packageNames":"Key: com.termux, Value: 395.0;Key: com.android.chrome, Value: 145.0;Key: com.eg.android.AlipayGphone, Value: 45.0","scenarioName":"class0","time":"18:56:45"}',0,0,144) 
11-20 19:00:26.913  3027  4261 E ActivityManagerWrapper:  mainTaskId=17714   userId=0   windowMode=1   baseIntent=Intent { act=android.intent.action.MAIN flag=286261248 cmp=ComponentInfo{com.termux/com.termux.app.TermuxActivity} }
11-20 19:00:27.045  3027  4261 E ActivityManagerWrapper:  mainTaskId=17714   userId=0   windowMode=1   baseIntent=Intent { act=android.intent.action.MAIN flag=286261248 cmp=ComponentInfo{com.termux/com.termux.app.TermuxActivity} }
11-20 19:00:27.347  3027  4261 E ActivityManagerWrapper:  mainTaskId=17714   userId=0   windowMode=1   baseIntent=Intent { act=android.intent.action.MAIN flag=286261248 cmp=ComponentInfo{com.termux/com.termux.app.TermuxActivity} }
11-20 19:01:11.985  3027  4261 E ActivityManagerWrapper:  mainTaskId=17714   userId=0   windowMode=1   baseIntent=Intent { act=android.intent.action.MAIN flag=286261248 cmp=ComponentInfo{com.termux/com.termux.app.TermuxActivity} }
11-20 19:01:13.002  3027  4261 E ActivityManagerWrapper:  mainTaskId=17714   userId=0   windowMode=1   baseIntent=Intent { act=android.intent.action.MAIN flag=286261248 cmp=ComponentInfo{com.termux/com.termux.app.TermuxActivity} }
11-20 19:01:13.040  3027  4261 E ActivityManagerWrapper:  mainTaskId=17714   userId=0   windowMode=1   baseIntent=Intent { act=android.intent.action.MAIN flag=286261248 cmp=ComponentInfo{com.termux/com.termux.app.TermuxActivity} }
11-20 19:01:40.153  3027  4261 E ActivityManagerWrapper:  mainTaskId=17714   userId=0   windowMode=1   baseIntent=Intent { act=android.intent.action.MAIN flag=286261248 cmp=ComponentInfo{com.termux/com.termux.app.TermuxActivity} }
11-20 19:03:00.847  3027  4261 E ActivityManagerWrapper:  mainTaskId=17714   userId=0   windowMode=1   baseIntent=Intent { act=android.intent.action.MAIN flag=286261248 cmp=ComponentInfo{com.termux/com.termux.app.TermuxActivity} }
11-20 19:03:00.930  3027  4261 E ActivityManagerWrapper:  mainTaskId=17714   userId=0   windowMode=1   baseIntent=Intent { act=android.intent.action.MAIN flag=286261248 cmp=ComponentInfo{com.termux/com.termux.app.TermuxActivity} }
11-20 19:03:00.959  3027  4261 E ActivityManagerWrapper:  mainTaskId=17714   userId=0   windowMode=1   baseIntent=Intent { act=android.intent.action.MAIN flag=286261248 cmp=ComponentInfo{com.termux/com.termux.app.TermuxActivity} }
11-20 19:03:02.806  3027  4261 E ActivityManagerWrapper:  mainTaskId=17720   userId=0   windowMode=1   baseIntent=Intent { act=android.intent.action.VIEW flag=327155715 cmp=ComponentInfo{com.termux/com.termux.app.api.file.FileViewReceiverActivity} }
