11-20 19:03:02.806  3027  4261 E ActivityManagerWrapper:  mainTaskId=17714   userId=0   windowMode=1   baseIntent=Intent { act=android.intent.action.MAIN flag=286261248 cmp=ComponentInfo{com.termux/com.termux.app.TermuxActivity} }
11-20 19:03:02.816  3027  4261 E ActivityManagerWrapper:  mainTaskId=17720   userId=0   windowMode=1   baseIntent=Intent { act=android.intent.action.VIEW flag=327155715 cmp=ComponentInfo{com.termux/com.termux.app.api.file.FileViewReceiverActivity} }
11-20 19:03:02.816  3027  4261 E ActivityManagerWrapper:  mainTaskId=17714   userId=0   windowMode=1   baseIntent=Intent { act=android.intent.action.MAIN flag=286261248 cmp=ComponentInfo{com.termux/com.termux.app.TermuxActivity} }
11-20 19:03:02.822  6078 12464 E SuggestManager: openApp name = com.termux
11-20 19:03:02.880  3027  4261 E ActivityManagerWrapper:  mainTaskId=17720   userId=0   windowMode=1   baseIntent=Intent { act=android.intent.action.VIEW flag=327155715 cmp=ComponentInfo{com.termux/com.termux.app.api.file.FileViewReceiverActivity} }
11-20 19:03:02.880  3027  4261 E ActivityManagerWrapper:  mainTaskId=17714   userId=0   windowMode=1   baseIntent=Intent { act=android.intent.action.MAIN flag=286261248 cmp=ComponentInfo{com.termux/com.termux.app.TermuxActivity} }
11-20 19:03:03.672  3027  4261 E ActivityManagerWrapper:  mainTaskId=17720   userId=0   windowMode=1   baseIntent=Intent { act=android.intent.action.VIEW flag=327155715 cmp=ComponentInfo{com.termux/com.termux.app.api.file.FileViewReceiverActivity} }
11-20 19:03:03.672  3027  4261 E ActivityManagerWrapper:  mainTaskId=17714   userId=0   windowMode=1   baseIntent=Intent { act=android.intent.action.MAIN flag=286261248 cmp=ComponentInfo{com.termux/com.termux.app.TermuxActivity} }
11-20 19:03:04.168  3027  4261 E ActivityManagerWrapper:  mainTaskId=17714   userId=0   windowMode=1   baseIntent=Intent { act=android.intent.action.MAIN flag=286261248 cmp=ComponentInfo{com.termux/com.termux.app.TermuxActivity} }
11-20 19:03:04.169  2059  2348 E TransitionChain:    ChangeInfo{71bfc8c container=ActivityRecord{74414853 u0 com.termux/.app.api.file.FileViewReceiverActivity t17720 f}} flags=0x0}
11-20 19:03:04.169  2059  2348 E TransitionChain:    ChangeInfo{ba086db container=Task{8c08d8b #17720 type=standard A=10654:com.termux.filereceiver} flags=0x0}
11-20 19:03:04.169  2059  2348 E TransitionChain:    ChangeInfo{71bfc8c container=ActivityRecord{74414853 u0 com.termux/.app.api.file.FileViewReceiverActivity t17720 f}} flags=0x0}
11-20 19:03:04.169  2059  2348 E TransitionChain:    ChangeInfo{ba086db container=Task{8c08d8b #17720 type=standard A=10654:com.termux.filereceiver} flags=0x0}
11-20 19:03:04.199  2059  2367 E WindowManager:  source = Task{8c08d8b #17720 type=standard A=10654:com.termux.filereceiver} excludeMiuiNavBar = true excludeMiuiStatusBar = true excludeIme = false excludeNavBar = false miuiNavSurfaceControl = Surface(name=NavigationBar Container of Task = 17720#8398)/@0x7f1c281 miuiStatusSurfaceControl = Surface(name=StatusBar Container of Task = 17720#8400)/@0x8c66914
11-20 19:03:04.272  3027  4261 E ActivityManagerWrapper:  mainTaskId=17714   userId=0   windowMode=1   baseIntent=Intent { act=android.intent.action.MAIN flag=286261248 cmp=ComponentInfo{com.termux/com.termux.app.TermuxActivity} }
11-20 19:03:05.065  3027  4261 E ActivityManagerWrapper:  mainTaskId=17714   userId=0   windowMode=1   baseIntent=Intent { act=android.intent.action.MAIN flag=286261248 cmp=ComponentInfo{com.termux/com.termux.app.TermuxActivity} }
11-20 19:03:05.416  3027  4261 E ActivityManagerWrapper:  mainTaskId=17714   userId=0   windowMode=1   baseIntent=Intent { act=android.intent.action.MAIN flag=286261248 cmp=ComponentInfo{com.termux/com.termux.app.TermuxActivity} }
11-20 19:03:05.433  3027  4261 E ActivityManagerWrapper:  mainTaskId=17714   userId=0   windowMode=1   baseIntent=Intent { act=android.intent.action.MAIN flag=286261248 cmp=ComponentInfo{com.termux/com.termux.app.TermuxActivity} }
11-20 19:03:05.525  3027  4261 E ActivityManagerWrapper:  mainTaskId=17714   userId=0   windowMode=1   baseIntent=Intent { act=android.intent.action.MAIN flag=286261248 cmp=ComponentInfo{com.termux/com.termux.app.TermuxActivity} }
11-20 19:03:05.535  3027  4261 E ActivityManagerWrapper:  mainTaskId=17714   userId=0   windowMode=1   baseIntent=Intent { act=android.intent.action.MAIN flag=286261248 cmp=ComponentInfo{com.termux/com.termux.app.TermuxActivity} }
11-20 19:03:09.813  3027  4261 E ActivityManagerWrapper:  mainTaskId=17714   userId=0   windowMode=1   baseIntent=Intent { act=android.intent.action.MAIN flag=286261248 cmp=ComponentInfo{com.termux/com.termux.app.TermuxActivity} }
11-20 19:03:09.998  3027  4261 E ActivityManagerWrapper:  mainTaskId=17714   userId=0   windowMode=1   baseIntent=Intent { act=android.intent.action.MAIN flag=286261248 cmp=ComponentInfo{com.termux/com.termux.app.TermuxActivity} }
11-20 19:03:10.893  3027  4261 E ActivityManagerWrapper:  mainTaskId=17714   userId=0   windowMode=1   baseIntent=Intent { act=android.intent.action.MAIN flag=286261248 cmp=ComponentInfo{com.termux/com.termux.app.TermuxActivity} }
11-20 19:03:11.315  3027  4261 E ActivityManagerWrapper:  mainTaskId=17714   userId=0   windowMode=1   baseIntent=Intent { act=android.intent.action.MAIN flag=286261248 cmp=ComponentInfo{com.termux/com.termux.app.TermuxActivity} }
11-20 19:03:22.697  3027  4261 E ActivityManagerWrapper:  mainTaskId=17714   userId=0   windowMode=1   baseIntent=Intent { act=android.intent.action.MAIN flag=286261248 cmp=ComponentInfo{com.termux/com.termux.app.TermuxActivity} }
11-20 19:03:22.783  3388  3388 E DynamicIslandEventCoordinator: updatePkgSupportFreeform : com.termux, true
11-20 19:03:22.816  2059  2059 E SLM-SRV-SLAAppLib: initBroadcastReceivercom.termux
11-20 19:03:22.839  3388  3388 E DynamicIslandEventCoordinator: updatePkgSupportFreeform : com.termux, true
11-20 19:03:22.883  3388  3388 E DynamicIslandEventCoordinator: updatePkgSupportFreeform : com.termux, true
11-20 19:03:22.928  2059  2728 E AppScanObserverService: Try to add a invalid package: com.termux | 10654 | 0
11-20 19:03:22.929  2059  2059 E SLM-SRV-SLAAppLib: initBroadcastReceivercom.termux
11-20 19:03:22.946  2059  2059 E SLM-SRV-SLAAppLib: initBroadcastReceivercom.termux
11-20 19:03:23.826  3027  4261 E ActivityManagerWrapper:  mainTaskId=17714   userId=0   windowMode=1   baseIntent=Intent { act=android.intent.action.MAIN flag=286261248 cmp=ComponentInfo{com.termux/com.termux.app.TermuxActivity} }
11-20 19:03:24.626  3027  4261 E ActivityManagerWrapper:  mainTaskId=17722   userId=0   windowMode=1   baseIntent=Intent { act=android.intent.action.MAIN flag=285212672 cmp=ComponentInfo{com.termux/com.termux.app.TermuxActivity} }
11-20 19:03:24.635  3027  4261 E ActivityManagerWrapper:  mainTaskId=17722   userId=0   windowMode=1   baseIntent=Intent { act=android.intent.action.MAIN flag=285212672 cmp=ComponentInfo{com.termux/com.termux.app.TermuxActivity} }
11-20 19:03:24.641 12025 12025 E Zygote  : process_name_ptr:12025 com.termux
11-20 19:03:24.641 12025 12025 E Zygote  : SetMemoryProtected process_name_ptr:12025 com.termux
11-20 19:03:24.681  3027  4261 E ActivityManagerWrapper:  mainTaskId=17722   userId=0   windowMode=1   baseIntent=Intent { act=android.intent.action.MAIN flag=285212672 cmp=ComponentInfo{com.termux/com.termux.app.TermuxActivity} }
11-20 19:03:24.818 12025 12025 E TurboSchedMonitor: failed to find setSchedAffinity method com.termux
11-20 19:03:24.819 12025 12025 E TurboSchedMonitor: failed to find setSchedAffinity method com.termux
11-20 19:03:24.856  2059  2920 E HyperSentinel: ->pid:12025,processName:"com.termux",Rss Memory Size Change 116156kb -> 151372kb
11-20 19:03:24.878  6078 12464 E SuggestManager: openApp name = com.termux
11-20 19:03:24.909  2059  2920 E HyperSentinel: ->pid:12025,processName:"com.termux",Rss Memory Size Change 151372kb -> 200756kb
11-20 19:03:25.007 12025 26739 E com.termux: Failed to query component interface for required system resources: 6
11-20 19:03:25.061 12025 12025 E com.termux: [perfctl] 12025 12025 FPSGO ver:-1
11-20 19:03:25.061 12025 12025 E com.termux: [perfctl] 0 0 0 0
11-20 19:03:25.181  2059  2920 E HyperSentinel: ->pid:12025,processName:"com.termux",Rss Memory Size Change 200756kb -> 268776kb
11-20 19:03:25.423  3027  4261 E ActivityManagerWrapper:  mainTaskId=17722   userId=0   windowMode=1   baseIntent=Intent { act=android.intent.action.MAIN flag=285212672 cmp=ComponentInfo{com.termux/com.termux.app.TermuxActivity} }
11-20 19:03:25.914  2059  2920 E HyperSentinel: ->pid:12025,processName:"com.termux",Rss Memory Size Change 268776kb -> 336384kb
11-20 19:03:25.935  1652  1702 D misight : Execute start execute sql /data/miuilog/misight/event.db:select id,occured_cnt from event_info where event_id = '902001004' and version_id = '12' and param_list = '{"Delay":428,"LayerName":"allSame","PackageName":"com.termux","Scene":"FocusApp-Animating"}' and time_id = '144' limit 1
11-20 19:03:25.948  1652  1702 D misight : Execute start execute sql /data/miuilog/misight/event.db:insert into event_info (event_id,version_id,occured_cnt,first_time,param_list,expire,visible,time_id)  values ( 902001004,12,1,1763636605,'{"Delay":428,"LayerName":"allSame","PackageName":"com.termux","Scene":"FocusApp-Animating"}',0,0,144) 
11-20 19:03:25.951  1652  1702 D misight : Execute start execute sql /data/miuilog/misight/event.db:select id,occured_cnt from event_info where event_id = '902001003' and version_id = '12' and param_list = '{"Delay":414,"LayerName":"allSame","PackageName":"com.termux","Scene":"FocusApp-Animating"}' and time_id = '144' limit 1
11-20 19:03:25.959  1652  1702 D misight : Execute start execute sql /data/miuilog/misight/event.db:insert into event_info (event_id,version_id,occured_cnt,first_time,param_list,expire,visible,time_id)  values ( 902001003,12,1,1763636605,'{"Delay":414,"LayerName":"allSame","PackageName":"com.termux","Scene":"FocusApp-Animating"}',0,0,144) 
11-20 19:03:26.641  2059  2920 E HyperSentinel: ->pid:12025,processName:"com.termux",Rss Memory Size Change 336384kb -> 422968kb
11-20 19:03:27.324  2059  2920 E HyperSentinel: ->pid:12025,processName:"com.termux",Rss Memory Size Change 422968kb -> 512876kb
11-20 19:03:29.241  3027  4261 E ActivityManagerWrapper:  mainTaskId=17722   userId=0   windowMode=1   baseIntent=Intent { act=android.intent.action.MAIN flag=285212672 cmp=ComponentInfo{com.termux/com.termux.app.TermuxActivity} }
11-20 19:03:29.280  2059  5884 E WindowManager:  source = Task{73251b7 #17722 type=standard A=10654:com.termux} excludeMiuiNavBar = true excludeMiuiStatusBar = true excludeIme = false excludeNavBar = false miuiNavSurfaceControl = Surface(name=NavigationBar Container of Task = 17722#8537)/@0xfdcbd24 miuiStatusSurfaceControl = Surface(name=StatusBar Container of Task = 17722#8538)/@0x7f55242
11-20 19:03:29.295  2059  5884 E WindowManager:  source = Task{73251b7 #17722 type=standard A=10654:com.termux} excludeMiuiNavBar = true excludeMiuiStatusBar = true excludeIme = false excludeNavBar = false miuiNavSurfaceControl = Surface(name=NavigationBar Container of Task = 17722#8537)/@0xfdcbd24 miuiStatusSurfaceControl = Surface(name=StatusBar Container of Task = 17722#8538)/@0x7f55242
11-20 19:03:29.976  2059  4181 E WindowManager:  source = Task{73251b7 #17722 type=standard A=10654:com.termux} excludeMiuiNavBar = true excludeMiuiStatusBar = true excludeIme = false excludeNavBar = false miuiNavSurfaceControl = Surface(name=NavigationBar Container of Task = 17722#8537)/@0xfdcbd24 miuiStatusSurfaceControl = Surface(name=StatusBar Container of Task = 17722#8538)/@0x7f55242
11-20 19:03:30.069  3027  4261 E ActivityManagerWrapper:  mainTaskId=17722   userId=0   windowMode=1   baseIntent=Intent { act=android.intent.action.MAIN flag=285212672 cmp=ComponentInfo{com.termux/com.termux.app.TermuxActivity} }
11-20 19:03:30.151  3027  4261 E ActivityManagerWrapper:  mainTaskId=17722   userId=0   windowMode=1   baseIntent=Intent { act=android.intent.action.MAIN flag=285212672 cmp=ComponentInfo{com.termux/com.termux.app.TermuxActivity} }
11-20 19:03:30.172  2059  2920 E HyperSentinel: ->pid:12025,processName:"com.termux",Rss Memory Size Change 512876kb -> 305992kb
11-20 19:03:34.161  3027  4261 E ActivityManagerWrapper:  mainTaskId=17722   userId=0   windowMode=1   baseIntent=Intent { act=android.intent.action.MAIN flag=285212672 cmp=ComponentInfo{com.termux/com.termux.app.TermuxActivity} }
